// Jest Snapshot v1, https://goo.gl/fbAQLP

exports[`Component: Register should match its empty snapshot 1`] = `
<div>
  <div
    className="Login-center"
    style={
      Object {
        "backgroundColor": "transparent",
        "cursor": "auto",
        "display": "inline-block",
        "fontFamily": "Roboto, sans-serif",
        "fontSize": 16,
        "height": 48,
        "lineHeight": "24px",
        "muiPrepared": true,
        "position": "relative",
        "transition": "height 200ms cubic-bezier(0.23, 1, 0.32, 1) 0ms",
        "width": 256,
      }
    }
  >
    <input
      disabled={false}
      id="username"
      onBlur={[Function]}
      onChange={[Function]}
      onFocus={[Function]}
      style={
        Object {
          "WebkitOpacity": 1,
          "WebkitTapHighlightColor": "rgba(0,0,0,0)",
          "appearance": "textfield",
          "backgroundColor": "rgba(0,0,0,0)",
          "border": "none",
          "color": "rgba(0, 0, 0, 0.87)",
          "cursor": "inherit",
          "font": "inherit",
          "height": "100%",
          "muiPrepared": true,
          "outline": "none",
          "padding": 0,
          "position": "relative",
          "width": "100%",
        }
      }
      type="text"
    />
    <div>
      <hr
        aria-hidden="true"
        style={
          Object {
            "borderBottomStyle": "solid",
            "borderBottomWidth": 1,
            "borderColor": "#e0e0e0",
            "borderLeft": "none",
            "borderRight": "none",
            "borderTop": "none",
            "bottom": 8,
            "boxSizing": "content-box",
            "margin": 0,
            "muiPrepared": true,
            "position": "absolute",
            "width": "100%",
          }
        }
      />
      <hr
        aria-hidden="true"
        style={
          Object {
            "borderBottomStyle": "solid",
            "borderBottomWidth": 2,
            "borderColor": "#00bcd4",
            "borderLeft": "none",
            "borderRight": "none",
            "borderTop": "none",
            "bottom": 8,
            "boxSizing": "content-box",
            "margin": 0,
            "muiPrepared": true,
            "position": "absolute",
            "transform": "scaleX(0)",
            "transition": "all 450ms cubic-bezier(0.23, 1, 0.32, 1) 0ms",
            "width": "100%",
          }
        }
      />
    </div>
  </div>
  <div
    className="Login-center"
    style={
      Object {
        "backgroundColor": "transparent",
        "cursor": "auto",
        "display": "inline-block",
        "fontFamily": "Roboto, sans-serif",
        "fontSize": 16,
        "height": 48,
        "lineHeight": "24px",
        "muiPrepared": true,
        "position": "relative",
        "transition": "height 200ms cubic-bezier(0.23, 1, 0.32, 1) 0ms",
        "width": 256,
      }
    }
  >
    <input
      disabled={false}
      id="password"
      onBlur={[Function]}
      onChange={[Function]}
      onFocus={[Function]}
      style={
        Object {
          "WebkitOpacity": 1,
          "WebkitTapHighlightColor": "rgba(0,0,0,0)",
          "appearance": "textfield",
          "backgroundColor": "rgba(0,0,0,0)",
          "border": "none",
          "color": "rgba(0, 0, 0, 0.87)",
          "cursor": "inherit",
          "font": "inherit",
          "height": "100%",
          "muiPrepared": true,
          "outline": "none",
          "padding": 0,
          "position": "relative",
          "width": "100%",
        }
      }
      type="password"
    />
    <div>
      <hr
        aria-hidden="true"
        style={
          Object {
            "borderBottomStyle": "solid",
            "borderBottomWidth": 1,
            "borderColor": "#e0e0e0",
            "borderLeft": "none",
            "borderRight": "none",
            "borderTop": "none",
            "bottom": 8,
            "boxSizing": "content-box",
            "margin": 0,
            "muiPrepared": true,
            "position": "absolute",
            "width": "100%",
          }
        }
      />
      <hr
        aria-hidden="true"
        style={
          Object {
            "borderBottomStyle": "solid",
            "borderBottomWidth": 2,
            "borderColor": "#00bcd4",
            "borderLeft": "none",
            "borderRight": "none",
            "borderTop": "none",
            "bottom": 8,
            "boxSizing": "content-box",
            "margin": 0,
            "muiPrepared": true,
            "position": "absolute",
            "transform": "scaleX(0)",
            "transition": "all 450ms cubic-bezier(0.23, 1, 0.32, 1) 0ms",
            "width": "100%",
          }
        }
      />
    </div>
  </div>
  <br />
  <div
    className="Login-center"
    style={
      Object {
        "WebkitTapHighlightColor": "rgba(0,0,0,0)",
        "backgroundColor": "#ffffff",
        "borderRadius": 2,
        "boxShadow": "0 1px 6px rgba(0, 0, 0, 0.12),
         0 1px 4px rgba(0, 0, 0, 0.12)",
        "boxSizing": "border-box",
        "color": "rgba(0, 0, 0, 0.87)",
        "display": "inline-block",
        "fontFamily": "Roboto, sans-serif",
        "minWidth": 88,
        "muiPrepared": true,
        "transition": "all 450ms cubic-bezier(0.23, 1, 0.32, 1) 0ms",
      }
    }
  >
    <button
      color="primary"
      disabled={false}
      id="register"
      onBlur={[Function]}
      onClick={[Function]}
      onFocus={[Function]}
      onKeyDown={[Function]}
      onKeyUp={[Function]}
      onMouseDown={[Function]}
      onMouseEnter={[Function]}
      onMouseLeave={[Function]}
      onMouseUp={[Function]}
      onTouchEnd={[Function]}
      onTouchStart={[Function]}
      style={
        Object {
          "WebkitTapHighlightColor": "rgba(0, 0, 0, 0)",
          "backgroundColor": "#ffffff",
          "border": 10,
          "borderRadius": 2,
          "boxSizing": "border-box",
          "cursor": "pointer",
          "display": "inline-block",
          "fontFamily": "Roboto, sans-serif",
          "fontSize": "inherit",
          "fontWeight": "inherit",
          "height": 36,
          "lineHeight": "36px",
          "margin": 0,
          "muiPrepared": true,
          "outline": "none",
          "padding": 0,
          "position": "relative",
          "textAlign": "center",
          "textDecoration": "none",
          "transition": "all 450ms cubic-bezier(0.23, 1, 0.32, 1) 0ms",
          "verticalAlign": null,
          "width": "100%",
        }
      }
      tabIndex={0}
      type="button"
    >
      <div
        onMouseDown={[Function]}
        onMouseLeave={[Function]}
        onMouseUp={[Function]}
        onTouchEnd={[Function]}
        onTouchStart={[Function]}
      >
        <div
          style={
            Object {
              "backgroundColor": false,
              "borderRadius": 2,
              "height": 36,
              "muiPrepared": true,
              "top": 0,
              "transition": "all 450ms cubic-bezier(0.23, 1, 0.32, 1) 0ms",
            }
          }
        >
          <span
            style={
              Object {
                "color": "rgba(0, 0, 0, 0.87)",
                "fontSize": 14,
                "fontWeight": 500,
                "letterSpacing": 0,
                "margin": 0,
                "muiPrepared": true,
                "opacity": 1,
                "paddingLeft": 16,
                "paddingRight": 16,
                "position": "relative",
                "textTransform": "uppercase",
                "userSelect": "none",
              }
            }
          >
            Register
          </span>
        </div>
      </div>
    </button>
  </div>
</div>
`;
